current directory: /Users/jaletechs/Projects/FlashFocus/flash-focus-site/vendor/bundle/ruby/3.4.0/gems/json-2.19.5/ext/json/ext/parser
/opt/homebrew/opt/ruby/bin/ruby extconf.rb
checking for rb_enc_interned_str() in ruby/encoding.h... yes
checking for rb_str_to_interned_str() in ruby.h... yes
checking for rb_hash_new_capa() in ruby.h... yes
checking for rb_hash_bulk_insert() in ruby.h... yes
checking for RUBY_TYPED_EMBEDDABLE in ruby.h... yes
checking for whether -std=c99 is accepted as CFLAGS... no
checking for arm_neon.h... yes
checking for cpuid.h... no
creating Makefile

current directory: /Users/jaletechs/Projects/FlashFocus/flash-focus-site/vendor/bundle/ruby/3.4.0/gems/json-2.19.5/ext/json/ext/parser
make DESTDIR\= sitearchdir\=./.gem.20260509-93226-ot143b sitelibdir\=./.gem.20260509-93226-ot143b clean

current directory: /Users/jaletechs/Projects/FlashFocus/flash-focus-site/vendor/bundle/ruby/3.4.0/gems/json-2.19.5/ext/json/ext/parser
make DESTDIR\= sitearchdir\=./.gem.20260509-93226-ot143b sitelibdir\=./.gem.20260509-93226-ot143b
compiling parser.c
In file included from parser.c:1:
In file included from ./../json.h:4:
In file included from /opt/homebrew/Cellar/ruby/3.4.3/include/ruby-3.4.0/ruby.h:38:
In file included from /opt/homebrew/Cellar/ruby/3.4.3/include/ruby-3.4.0/ruby/ruby.h:28:
In file included from /opt/homebrew/Cellar/ruby/3.4.3/include/ruby-3.4.0/ruby/internal/arithmetic.h:24:
In file included from /opt/homebrew/Cellar/ruby/3.4.3/include/ruby-3.4.0/ruby/internal/arithmetic/char.h:29:
/opt/homebrew/Cellar/ruby/3.4.3/include/ruby-3.4.0/ruby/internal/core/rstring.h:398:24: warning: default initialization of an object of type 'struct RString' with const member leaves the object uninitialized [-Wdefault-const-init-field-unsafe]
  398 |         struct RString retval;
      |                        ^
/opt/homebrew/Cellar/ruby/3.4.3/include/ruby-3.4.0/ruby/internal/core/rbasic.h:86:17: note: member 'klass' declared 'const' here
   86 |     const VALUE klass;
      |                 ^
1 warning generated.
linking shared-object json/ext/parser.bundle
ld: warning: search path '/opt/homebrew/Cellar/openssl@3/3.4.1/lib' not found

current directory: /Users/jaletechs/Projects/FlashFocus/flash-focus-site/vendor/bundle/ruby/3.4.0/gems/json-2.19.5/ext/json/ext/parser
make DESTDIR\= sitearchdir\=./.gem.20260509-93226-ot143b sitelibdir\=./.gem.20260509-93226-ot143b install
/usr/bin/install -c -m 0755 parser.bundle ./.gem.20260509-93226-ot143b/json/ext

current directory: /Users/jaletechs/Projects/FlashFocus/flash-focus-site/vendor/bundle/ruby/3.4.0/gems/json-2.19.5/ext/json/ext/parser
make DESTDIR\= sitearchdir\=./.gem.20260509-93226-ot143b sitelibdir\=./.gem.20260509-93226-ot143b clean
