current directory: /Users/jaletechs/Projects/FlashFocus/flash-focus-site/vendor/bundle/ruby/3.4.0/gems/http_parser.rb-0.8.1/ext/ruby_http_parser
/opt/homebrew/opt/ruby/bin/ruby extconf.rb
creating Makefile

current directory: /Users/jaletechs/Projects/FlashFocus/flash-focus-site/vendor/bundle/ruby/3.4.0/gems/http_parser.rb-0.8.1/ext/ruby_http_parser
make DESTDIR\= sitearchdir\=./.gem.20260509-93226-7g3i1f sitelibdir\=./.gem.20260509-93226-7g3i1f clean

current directory: /Users/jaletechs/Projects/FlashFocus/flash-focus-site/vendor/bundle/ruby/3.4.0/gems/http_parser.rb-0.8.1/ext/ruby_http_parser
make DESTDIR\= sitearchdir\=./.gem.20260509-93226-7g3i1f sitelibdir\=./.gem.20260509-93226-7g3i1f
compiling ruby_http_parser.c
In file included from ruby_http_parser.c:1:
In file included from /opt/homebrew/Cellar/ruby/3.4.3/include/ruby-3.4.0/ruby.h:38:
In file included from /opt/homebrew/Cellar/ruby/3.4.3/include/ruby-3.4.0/ruby/ruby.h:28:
In file included from /opt/homebrew/Cellar/ruby/3.4.3/include/ruby-3.4.0/ruby/internal/arithmetic.h:24:
In file included from /opt/homebrew/Cellar/ruby/3.4.3/include/ruby-3.4.0/ruby/internal/arithmetic/char.h:29:
/opt/homebrew/Cellar/ruby/3.4.3/include/ruby-3.4.0/ruby/internal/core/rstring.h:398:24: warning: default initialization of an object of type 'struct RString' with const member leaves the object uninitialized [-Wdefault-const-init-field-unsafe]
  398 |         struct RString retval;
      |                        ^
/opt/homebrew/Cellar/ruby/3.4.3/include/ruby-3.4.0/ruby/internal/core/rbasic.h:86:17: note: member 'klass' declared 'const' here
   86 |     const VALUE klass;
      |                 ^
ruby_http_parser.c:373:17: warning: comparison of integers of different signs: 'size_t' (aka 'unsigned long') and 'long' [-Wsign-compare]
  373 |     if (nparsed < len)
      |         ~~~~~~~ ^ ~~~
2 warnings generated.
compiling ryah_http_parser.c
linking shared-object ruby_http_parser.bundle
ld: warning: search path '/opt/homebrew/Cellar/openssl@3/3.4.1/lib' not found

current directory: /Users/jaletechs/Projects/FlashFocus/flash-focus-site/vendor/bundle/ruby/3.4.0/gems/http_parser.rb-0.8.1/ext/ruby_http_parser
make DESTDIR\= sitearchdir\=./.gem.20260509-93226-7g3i1f sitelibdir\=./.gem.20260509-93226-7g3i1f install
/usr/bin/install -c -m 0755 ruby_http_parser.bundle ./.gem.20260509-93226-7g3i1f

current directory: /Users/jaletechs/Projects/FlashFocus/flash-focus-site/vendor/bundle/ruby/3.4.0/gems/http_parser.rb-0.8.1/ext/ruby_http_parser
make DESTDIR\= sitearchdir\=./.gem.20260509-93226-7g3i1f sitelibdir\=./.gem.20260509-93226-7g3i1f clean
