current directory: /Users/jaletechs/Projects/FlashFocus/flash-focus-site/vendor/bundle/ruby/3.4.0/gems/racc-1.8.1/ext/racc/cparse
/opt/homebrew/opt/ruby/bin/ruby extconf.rb
creating Makefile

current directory: /Users/jaletechs/Projects/FlashFocus/flash-focus-site/vendor/bundle/ruby/3.4.0/gems/racc-1.8.1/ext/racc/cparse
make DESTDIR\= sitearchdir\=./.gem.20260509-93226-75l8ud sitelibdir\=./.gem.20260509-93226-75l8ud clean

current directory: /Users/jaletechs/Projects/FlashFocus/flash-focus-site/vendor/bundle/ruby/3.4.0/gems/racc-1.8.1/ext/racc/cparse
make DESTDIR\= sitearchdir\=./.gem.20260509-93226-75l8ud sitelibdir\=./.gem.20260509-93226-75l8ud
compiling cparse.c
In file included from cparse.c:12:
In file included from /opt/homebrew/Cellar/ruby/3.4.3/include/ruby-3.4.0/ruby.h:38:
In file included from /opt/homebrew/Cellar/ruby/3.4.3/include/ruby-3.4.0/ruby/ruby.h:28:
In file included from /opt/homebrew/Cellar/ruby/3.4.3/include/ruby-3.4.0/ruby/internal/arithmetic.h:24:
In file included from /opt/homebrew/Cellar/ruby/3.4.3/include/ruby-3.4.0/ruby/internal/arithmetic/char.h:29:
/opt/homebrew/Cellar/ruby/3.4.3/include/ruby-3.4.0/ruby/internal/core/rstring.h:398:24: warning: default initialization of an object of type 'struct RString' with const member leaves the object uninitialized [-Wdefault-const-init-field-unsafe]
  398 |         struct RString retval;
      |                        ^
/opt/homebrew/Cellar/ruby/3.4.3/include/ruby-3.4.0/ruby/internal/core/rbasic.h:86:17: note: member 'klass' declared 'const' here
   86 |     const VALUE klass;
      |                 ^
1 warning generated.
linking shared-object racc/cparse.bundle
ld: warning: search path '/opt/homebrew/Cellar/openssl@3/3.4.1/lib' not found

current directory: /Users/jaletechs/Projects/FlashFocus/flash-focus-site/vendor/bundle/ruby/3.4.0/gems/racc-1.8.1/ext/racc/cparse
make DESTDIR\= sitearchdir\=./.gem.20260509-93226-75l8ud sitelibdir\=./.gem.20260509-93226-75l8ud install
/usr/bin/install -c -m 0755 cparse.bundle ./.gem.20260509-93226-75l8ud/racc

current directory: /Users/jaletechs/Projects/FlashFocus/flash-focus-site/vendor/bundle/ruby/3.4.0/gems/racc-1.8.1/ext/racc/cparse
make DESTDIR\= sitearchdir\=./.gem.20260509-93226-75l8ud sitelibdir\=./.gem.20260509-93226-75l8ud clean
